<?xml version="1.0" encoding="UTF-8"?>
<TestRun id="86e11929-0849-4ebf-82ef-c0766df88e0b" name="Lichain.Yu@TOSHIBA 2013-06-21 08:54:31" runUser="TOSHIBA\Lichain.Yu" xmlns="http://microsoft.com/schemas/VisualStudio/TeamTest/2010">
  <TestSettings name="Local" id="18ff7cbf-2d81-4f81-9dee-b70d9e0ebc50">
    <Description>These are default test settings for a local test run.</Description>
    <Deployment enabled="false" runDeploymentRoot="Lichain.Yu_TOSHIBA 2013-06-21 08_54_31">
      <DeploymentItem filename="C:\workspace\website\WeatherHelper\WeatherHelper\bin\WeatherHelper.dll" />
      <DeploymentItem filename="C:\workspace\website\WeatherHelper\Libraries\Enterprise Library 5.0\Microsoft.Practices.EnterpriseLibrary.Common.dll" />
      <DeploymentItem filename="C:\workspace\website\WeatherHelper\Libraries\Enterprise Library 5.0\Microsoft.Practices.EnterpriseLibrary.Data.dll" />
      <DeploymentItem filename="C:\workspace\website\WeatherHelper\Libraries\Enterprise Library 5.0\Microsoft.Practices.EnterpriseLibrary.Caching.dll" />
      <DeploymentItem filename="C:\workspace\website\WeatherHelper\Libraries\Enterprise Library 5.0\Microsoft.Practices.EnterpriseLibrary.Logging.dll" />
      <DeploymentItem filename="C:\workspace\website\WeatherHelper\CommonLib\bin\Debug\CommonLib.dll" />
      <DeploymentItem filename="C:\workspace\website\WeatherHelper\WeatherAPIServices\bin\Debug\WeatherAPIServices.dll" />
    </Deployment>
    <Execution>
      <TestTypeSpecific />
      <AgentRule name="Execution Agents">
      </AgentRule>
    </Execution>
  </TestSettings>
  <Times creation="2013-06-21T08:54:31.7843336+08:00" queuing="2013-06-21T08:54:32.3457082+08:00" start="2013-06-21T08:54:32.5008095+08:00" finish="2013-06-21T08:54:34.6052127+08:00" />
  <ResultSummary outcome="Completed">
    <Counters total="20" executed="20" passed="20" error="0" failed="0" timeout="0" aborted="0" inconclusive="0" passedButRunAborted="0" notRunnable="0" notExecuted="0" disconnected="0" warning="0" completed="0" inProgress="0" pending="0" />
  </ResultSummary>
  <TestDefinitions>
    <UnitTest name="ParserWeatherXMLInfo_WCCode_Pass_Test" storage="c:\workspace\website\weatherhelper\weatherhelper.testprject\bin\debug\weatherhelper.testprject.dll" id="45e51191-b7fa-dc67-43d4-ac3fede3f771">
      <Execution id="864d4521-4eb2-4dec-b8e6-e37ba19e9ae6" />
      <TestMethod codeBase="C:/workspace/website/WeatherHelper/WeatherHelper.TestPrject/bin/Debug/WeatherHelper.TestPrject.DLL" adapterTypeName="Microsoft.VisualStudio.TestTools.TestTypes.Unit.UnitTestAdapter, Microsoft.VisualStudio.QualityTools.Tips.UnitTest.Adapter, Version=10.0.0.0, Culture=neutral, PublicKeyToken=b03f5f7f11d50a3a" className="WeatherHelper.TestPrject.WeatherAPIServices.Services.ParserServiceTest, WeatherHelper.TestPrject, Version=1.0.0.0, Culture=neutral, PublicKeyToken=null" name="ParserWeatherXMLInfo_WCCode_Pass_Test" />
    </UnitTest>
    <UnitTest name="ChangeSkyCodeToWeatherStatus_SkyCode_Pass_Test" storage="c:\workspace\website\weatherhelper\weatherhelper.testprject\bin\debug\weatherhelper.testprject.dll" id="c6117360-6ab8-16b7-30f6-28ec8b8c0558">
      <Execution id="c456ce8f-f575-4bac-bcc2-69e924a990b6" />
      <TestMethod codeBase="C:/workspace/website/WeatherHelper/WeatherHelper.TestPrject/bin/Debug/WeatherHelper.TestPrject.DLL" adapterTypeName="Microsoft.VisualStudio.TestTools.TestTypes.Unit.UnitTestAdapter, Microsoft.VisualStudio.QualityTools.Tips.UnitTest.Adapter, Version=10.0.0.0, Culture=neutral, PublicKeyToken=b03f5f7f11d50a3a" className="WeatherHelper.TestPrject.WeatherAPIServices.Services.ParserServiceTest, WeatherHelper.TestPrject, Version=1.0.0.0, Culture=neutral, PublicKeyToken=null" name="ChangeSkyCodeToWeatherStatus_SkyCode_Pass_Test" />
    </UnitTest>
    <UnitTest name="ParserWeatherXMLInfo_Error_XML_Data_Test" storage="c:\workspace\website\weatherhelper\weatherhelper.testprject\bin\debug\weatherhelper.testprject.dll" id="84970620-7da8-1ed9-8846-45414113d88f">
      <Execution id="fd18b517-7eca-4cf1-8050-b43b11450829" />
      <TestMethod codeBase="C:/workspace/website/WeatherHelper/WeatherHelper.TestPrject/bin/Debug/WeatherHelper.TestPrject.DLL" adapterTypeName="Microsoft.VisualStudio.TestTools.TestTypes.Unit.UnitTestAdapter, Microsoft.VisualStudio.QualityTools.Tips.UnitTest.Adapter, Version=10.0.0.0, Culture=neutral, PublicKeyToken=b03f5f7f11d50a3a" className="WeatherHelper.TestPrject.WeatherAPIServices.Services.ParserServiceTest, WeatherHelper.TestPrject, Version=1.0.0.0, Culture=neutral, PublicKeyToken=null" name="ParserWeatherXMLInfo_Error_XML_Data_Test" />
    </UnitTest>
    <UnitTest name="getWCCountryList_Test" storage="c:\workspace\website\weatherhelper\weatherhelper.testprject\bin\debug\weatherhelper.testprject.dll" id="f6dcf6a1-620e-b8a6-8f4c-a718f292578c">
      <Execution id="c439ce01-e6e9-4c0b-b972-b45c4c47b4c2" />
      <TestMethod codeBase="C:/workspace/website/WeatherHelper/WeatherHelper.TestPrject/bin/Debug/WeatherHelper.TestPrject.DLL" adapterTypeName="Microsoft.VisualStudio.TestTools.TestTypes.Unit.UnitTestAdapter, Microsoft.VisualStudio.QualityTools.Tips.UnitTest.Adapter, Version=10.0.0.0, Culture=neutral, PublicKeyToken=b03f5f7f11d50a3a" className="WeatherHelper.TestPrject.WeatherAPIServices.DAO.WCCodeDAOTest, WeatherHelper.TestPrject, Version=1.0.0.0, Culture=neutral, PublicKeyToken=null" name="getWCCountryList_Test" />
    </UnitTest>
    <UnitTest name="getAreaNameByAreaCode_Null_Test" storage="c:\workspace\website\weatherhelper\weatherhelper.testprject\bin\debug\weatherhelper.testprject.dll" id="0a9115d0-4e6c-fee4-918c-74d07519d11a">
      <Execution id="73c2cd14-bc01-4ce1-96c5-669d2302568b" />
      <TestMethod codeBase="C:/workspace/website/WeatherHelper/WeatherHelper.TestPrject/bin/Debug/WeatherHelper.TestPrject.DLL" adapterTypeName="Microsoft.VisualStudio.TestTools.TestTypes.Unit.UnitTestAdapter, Microsoft.VisualStudio.QualityTools.Tips.UnitTest.Adapter, Version=10.0.0.0, Culture=neutral, PublicKeyToken=b03f5f7f11d50a3a" className="WeatherHelper.TestPrject.WeatherAPIServices.Config.CityAndAreaConfigTest, WeatherHelper.TestPrject, Version=1.0.0.0, Culture=neutral, PublicKeyToken=null" name="getAreaNameByAreaCode_Null_Test" />
    </UnitTest>
    <UnitTest name="ParserWeatherXMLInfo_OtherDays_Count_Pass_Test" storage="c:\workspace\website\weatherhelper\weatherhelper.testprject\bin\debug\weatherhelper.testprject.dll" id="b9af1a55-4c26-31e2-45d7-278ae98e0450">
      <Execution id="1bef413e-cfb8-4f5b-8dc2-9eed6aed6b17" />
      <TestMethod codeBase="C:/workspace/website/WeatherHelper/WeatherHelper.TestPrject/bin/Debug/WeatherHelper.TestPrject.DLL" adapterTypeName="Microsoft.VisualStudio.TestTools.TestTypes.Unit.UnitTestAdapter, Microsoft.VisualStudio.QualityTools.Tips.UnitTest.Adapter, Version=10.0.0.0, Culture=neutral, PublicKeyToken=b03f5f7f11d50a3a" className="WeatherHelper.TestPrject.WeatherAPIServices.Services.ParserServiceTest, WeatherHelper.TestPrject, Version=1.0.0.0, Culture=neutral, PublicKeyToken=null" name="ParserWeatherXMLInfo_OtherDays_Count_Pass_Test" />
    </UnitTest>
    <UnitTest name="getWCCountryNameByWCCode_Null_Test" storage="c:\workspace\website\weatherhelper\weatherhelper.testprject\bin\debug\weatherhelper.testprject.dll" id="e5e422e0-6584-3c94-405c-3ec75b8ab1c3">
      <Execution id="5f465529-1fdd-4664-8e51-4af1e7b4bd9a" />
      <TestMethod codeBase="C:/workspace/website/WeatherHelper/WeatherHelper.TestPrject/bin/Debug/WeatherHelper.TestPrject.DLL" adapterTypeName="Microsoft.VisualStudio.TestTools.TestTypes.Unit.UnitTestAdapter, Microsoft.VisualStudio.QualityTools.Tips.UnitTest.Adapter, Version=10.0.0.0, Culture=neutral, PublicKeyToken=b03f5f7f11d50a3a" className="WeatherHelper.TestPrject.WeatherAPIServices.Config.CityAndAreaConfigTest, WeatherHelper.TestPrject, Version=1.0.0.0, Culture=neutral, PublicKeyToken=null" name="getWCCountryNameByWCCode_Null_Test" />
    </UnitTest>
    <UnitTest name="GetWeatherInfo_Null_Test" storage="c:\workspace\website\weatherhelper\weatherhelper.testprject\bin\debug\weatherhelper.testprject.dll" id="3ca63365-271d-59e8-9426-b345b3d33039">
      <Execution id="27d019f6-0ef1-4485-a159-e6e493102327" />
      <TestMethod codeBase="C:/workspace/website/WeatherHelper/WeatherHelper.TestPrject/bin/Debug/WeatherHelper.TestPrject.DLL" adapterTypeName="Microsoft.VisualStudio.TestTools.TestTypes.Unit.UnitTestAdapter, Microsoft.VisualStudio.QualityTools.Tips.UnitTest.Adapter, Version=10.0.0.0, Culture=neutral, PublicKeyToken=b03f5f7f11d50a3a" className="WeatherHelper.TestPrject.WeatherAPIServices.Services.QueryServicesTest, WeatherHelper.TestPrject, Version=1.0.0.0, Culture=neutral, PublicKeyToken=null" name="GetWeatherInfo_Null_Test" />
    </UnitTest>
    <UnitTest name="getCountryNameByWeatherCode_Test" storage="c:\workspace\website\weatherhelper\weatherhelper.testprject\bin\debug\weatherhelper.testprject.dll" id="c17c8355-9adb-19ba-b527-842327200626">
      <Execution id="4aeb86fc-b322-4a4b-b665-76c93882cd04" />
      <TestMethod codeBase="C:/workspace/website/WeatherHelper/WeatherHelper.TestPrject/bin/Debug/WeatherHelper.TestPrject.DLL" adapterTypeName="Microsoft.VisualStudio.TestTools.TestTypes.Unit.UnitTestAdapter, Microsoft.VisualStudio.QualityTools.Tips.UnitTest.Adapter, Version=10.0.0.0, Culture=neutral, PublicKeyToken=b03f5f7f11d50a3a" className="WeatherHelper.TestPrject.WeatherAPIServices.Config.CityAndAreaConfigTest, WeatherHelper.TestPrject, Version=1.0.0.0, Culture=neutral, PublicKeyToken=null" name="getCountryNameByWeatherCode_Test" />
    </UnitTest>
    <UnitTest name="getAreaNameByAreaCode_WhiteSpace_Test" storage="c:\workspace\website\weatherhelper\weatherhelper.testprject\bin\debug\weatherhelper.testprject.dll" id="fd74f42a-ecaa-0838-eee1-74ea70853972">
      <Execution id="dc797850-5f8d-4ca6-a9b3-c2a79933fa1a" />
      <TestMethod codeBase="C:/workspace/website/WeatherHelper/WeatherHelper.TestPrject/bin/Debug/WeatherHelper.TestPrject.DLL" adapterTypeName="Microsoft.VisualStudio.TestTools.TestTypes.Unit.UnitTestAdapter, Microsoft.VisualStudio.QualityTools.Tips.UnitTest.Adapter, Version=10.0.0.0, Culture=neutral, PublicKeyToken=b03f5f7f11d50a3a" className="WeatherHelper.TestPrject.WeatherAPIServices.Config.CityAndAreaConfigTest, WeatherHelper.TestPrject, Version=1.0.0.0, Culture=neutral, PublicKeyToken=null" name="getAreaNameByAreaCode_WhiteSpace_Test" />
    </UnitTest>
    <UnitTest name="DatabaseConfig_GetWeatherHelperDatabase_ConnectionString_Error_Test" storage="c:\workspace\website\weatherhelper\weatherhelper.testprject\bin\debug\weatherhelper.testprject.dll" id="6eb6ff9b-fda7-e061-d9b2-cf7286db8068">
      <Execution id="18258201-44c8-4fce-a282-1b88f6839cc3" />
      <TestMethod codeBase="C:/workspace/website/WeatherHelper/WeatherHelper.TestPrject/bin/Debug/WeatherHelper.TestPrject.DLL" adapterTypeName="Microsoft.VisualStudio.TestTools.TestTypes.Unit.UnitTestAdapter, Microsoft.VisualStudio.QualityTools.Tips.UnitTest.Adapter, Version=10.0.0.0, Culture=neutral, PublicKeyToken=b03f5f7f11d50a3a" className="WeatherHelper.TestPrject.WeatherAPIServices.DAO.DatabaseConfigTest, WeatherHelper.TestPrject, Version=1.0.0.0, Culture=neutral, PublicKeyToken=null" name="DatabaseConfig_GetWeatherHelperDatabase_ConnectionString_Error_Test" />
    </UnitTest>
    <UnitTest name="getWCCountryList_Test" storage="c:\workspace\website\weatherhelper\weatherhelper.testprject\bin\debug\weatherhelper.testprject.dll" id="1a8d57ea-2980-caa0-71dc-a5366f65df95">
      <Execution id="2a52b661-6447-4d01-87b5-84bb326c0a92" />
      <TestMethod codeBase="C:/workspace/website/WeatherHelper/WeatherHelper.TestPrject/bin/Debug/WeatherHelper.TestPrject.DLL" adapterTypeName="Microsoft.VisualStudio.TestTools.TestTypes.Unit.UnitTestAdapter, Microsoft.VisualStudio.QualityTools.Tips.UnitTest.Adapter, Version=10.0.0.0, Culture=neutral, PublicKeyToken=b03f5f7f11d50a3a" className="WeatherHelper.TestPrject.WeatherAPIServices.Config.CityAndAreaConfigTest, WeatherHelper.TestPrject, Version=1.0.0.0, Culture=neutral, PublicKeyToken=null" name="getWCCountryList_Test" />
    </UnitTest>
    <UnitTest name="ParserWeatherXMLInfo_Null_Test" storage="c:\workspace\website\weatherhelper\weatherhelper.testprject\bin\debug\weatherhelper.testprject.dll" id="adf5bfd1-77fe-a443-5b34-740deb67617d">
      <Execution id="50ca7b3a-3247-4453-a667-ef39f726ae40" />
      <TestMethod codeBase="C:/workspace/website/WeatherHelper/WeatherHelper.TestPrject/bin/Debug/WeatherHelper.TestPrject.DLL" adapterTypeName="Microsoft.VisualStudio.TestTools.TestTypes.Unit.UnitTestAdapter, Microsoft.VisualStudio.QualityTools.Tips.UnitTest.Adapter, Version=10.0.0.0, Culture=neutral, PublicKeyToken=b03f5f7f11d50a3a" className="WeatherHelper.TestPrject.WeatherAPIServices.Services.ParserServiceTest, WeatherHelper.TestPrject, Version=1.0.0.0, Culture=neutral, PublicKeyToken=null" name="ParserWeatherXMLInfo_Null_Test" />
    </UnitTest>
    <UnitTest name="getWCCountryNameByWCCode_Test" storage="c:\workspace\website\weatherhelper\weatherhelper.testprject\bin\debug\weatherhelper.testprject.dll" id="3845a7d6-723a-d7ac-2cd9-996f1c14fa0b">
      <Execution id="b386b7b0-347e-45dd-9206-1333271f0b97" />
      <TestMethod codeBase="C:/workspace/website/WeatherHelper/WeatherHelper.TestPrject/bin/Debug/WeatherHelper.TestPrject.DLL" adapterTypeName="Microsoft.VisualStudio.TestTools.TestTypes.Unit.UnitTestAdapter, Microsoft.VisualStudio.QualityTools.Tips.UnitTest.Adapter, Version=10.0.0.0, Culture=neutral, PublicKeyToken=b03f5f7f11d50a3a" className="WeatherHelper.TestPrject.WeatherAPIServices.Config.CityAndAreaConfigTest, WeatherHelper.TestPrject, Version=1.0.0.0, Culture=neutral, PublicKeyToken=null" name="getWCCountryNameByWCCode_Test" />
    </UnitTest>
    <UnitTest name="ChangeSkyCodeToWeatherStatus_WhiteSpace_Test" storage="c:\workspace\website\weatherhelper\weatherhelper.testprject\bin\debug\weatherhelper.testprject.dll" id="fb328827-ba60-fa75-8df2-efea2a8ed01c">
      <Execution id="ad950cb4-7a22-44e4-99cd-576ca726dcc4" />
      <TestMethod codeBase="C:/workspace/website/WeatherHelper/WeatherHelper.TestPrject/bin/Debug/WeatherHelper.TestPrject.DLL" adapterTypeName="Microsoft.VisualStudio.TestTools.TestTypes.Unit.UnitTestAdapter, Microsoft.VisualStudio.QualityTools.Tips.UnitTest.Adapter, Version=10.0.0.0, Culture=neutral, PublicKeyToken=b03f5f7f11d50a3a" className="WeatherHelper.TestPrject.WeatherAPIServices.Services.ParserServiceTest, WeatherHelper.TestPrject, Version=1.0.0.0, Culture=neutral, PublicKeyToken=null" name="ChangeSkyCodeToWeatherStatus_WhiteSpace_Test" />
    </UnitTest>
    <UnitTest name="getCountryNameByWeatherCode_Null_Test" storage="c:\workspace\website\weatherhelper\weatherhelper.testprject\bin\debug\weatherhelper.testprject.dll" id="0a19f14a-bbd2-2f71-5783-54e4bb1dc661">
      <Execution id="d28f5daf-c681-478b-ba17-9c825aa473f3" />
      <TestMethod codeBase="C:/workspace/website/WeatherHelper/WeatherHelper.TestPrject/bin/Debug/WeatherHelper.TestPrject.DLL" adapterTypeName="Microsoft.VisualStudio.TestTools.TestTypes.Unit.UnitTestAdapter, Microsoft.VisualStudio.QualityTools.Tips.UnitTest.Adapter, Version=10.0.0.0, Culture=neutral, PublicKeyToken=b03f5f7f11d50a3a" className="WeatherHelper.TestPrject.WeatherAPIServices.Config.CityAndAreaConfigTest, WeatherHelper.TestPrject, Version=1.0.0.0, Culture=neutral, PublicKeyToken=null" name="getCountryNameByWeatherCode_Null_Test" />
    </UnitTest>
    <UnitTest name="ChangeSkyCodeToWeatherStatus_Null_Test" storage="c:\workspace\website\weatherhelper\weatherhelper.testprject\bin\debug\weatherhelper.testprject.dll" id="0ad34625-025e-4e01-573e-e44a770e3db9">
      <Execution id="13d1790c-c4c9-4523-86fd-75883990efc1" />
      <TestMethod codeBase="C:/workspace/website/WeatherHelper/WeatherHelper.TestPrject/bin/Debug/WeatherHelper.TestPrject.DLL" adapterTypeName="Microsoft.VisualStudio.TestTools.TestTypes.Unit.UnitTestAdapter, Microsoft.VisualStudio.QualityTools.Tips.UnitTest.Adapter, Version=10.0.0.0, Culture=neutral, PublicKeyToken=b03f5f7f11d50a3a" className="WeatherHelper.TestPrject.WeatherAPIServices.Services.ParserServiceTest, WeatherHelper.TestPrject, Version=1.0.0.0, Culture=neutral, PublicKeyToken=null" name="ChangeSkyCodeToWeatherStatus_Null_Test" />
    </UnitTest>
    <UnitTest name="getCountryNameByWeatherCode_WhiteSpace_Test" storage="c:\workspace\website\weatherhelper\weatherhelper.testprject\bin\debug\weatherhelper.testprject.dll" id="5b47b8ce-9be5-d35c-213f-52d8b8249dd9">
      <Execution id="8e2e7736-6d81-4213-aa73-27ac03dbdc30" />
      <TestMethod codeBase="C:/workspace/website/WeatherHelper/WeatherHelper.TestPrject/bin/Debug/WeatherHelper.TestPrject.DLL" adapterTypeName="Microsoft.VisualStudio.TestTools.TestTypes.Unit.UnitTestAdapter, Microsoft.VisualStudio.QualityTools.Tips.UnitTest.Adapter, Version=10.0.0.0, Culture=neutral, PublicKeyToken=b03f5f7f11d50a3a" className="WeatherHelper.TestPrject.WeatherAPIServices.Config.CityAndAreaConfigTest, WeatherHelper.TestPrject, Version=1.0.0.0, Culture=neutral, PublicKeyToken=null" name="getCountryNameByWeatherCode_WhiteSpace_Test" />
    </UnitTest>
    <UnitTest name="getAreaNameByAreaCodeTest" storage="c:\workspace\website\weatherhelper\weatherhelper.testprject\bin\debug\weatherhelper.testprject.dll" id="76c2bad6-b177-6376-2a1b-46a7ae0ad7ae">
      <Execution id="4825d252-6c1d-4754-b75e-e7b27c7f1873" />
      <TestMethod codeBase="C:/workspace/website/WeatherHelper/WeatherHelper.TestPrject/bin/Debug/WeatherHelper.TestPrject.DLL" adapterTypeName="Microsoft.VisualStudio.TestTools.TestTypes.Unit.UnitTestAdapter, Microsoft.VisualStudio.QualityTools.Tips.UnitTest.Adapter, Version=10.0.0.0, Culture=neutral, PublicKeyToken=b03f5f7f11d50a3a" className="WeatherHelper.TestPrject.WeatherAPIServices.Config.CityAndAreaConfigTest, WeatherHelper.TestPrject, Version=1.0.0.0, Culture=neutral, PublicKeyToken=null" name="getAreaNameByAreaCodeTest" />
    </UnitTest>
    <UnitTest name="NewWeatherData_Null_Test" storage="c:\workspace\website\weatherhelper\weatherhelper.testprject\bin\debug\weatherhelper.testprject.dll" id="2440cd36-5108-bdb5-c935-5ba8b9ad34f7">
      <Execution id="18eb1e35-3605-46ff-b981-fe19fe185f90" />
      <TestMethod codeBase="C:/workspace/website/WeatherHelper/WeatherHelper.TestPrject/bin/Debug/WeatherHelper.TestPrject.DLL" adapterTypeName="Microsoft.VisualStudio.TestTools.TestTypes.Unit.UnitTestAdapter, Microsoft.VisualStudio.QualityTools.Tips.UnitTest.Adapter, Version=10.0.0.0, Culture=neutral, PublicKeyToken=b03f5f7f11d50a3a" className="WeatherHelper.TestPrject.WeatherAPIServices.DAO.WeatherDataDAOTest, WeatherHelper.TestPrject, Version=1.0.0.0, Culture=neutral, PublicKeyToken=null" name="NewWeatherData_Null_Test" />
    </UnitTest>
  </TestDefinitions>
  <TestLists>
    <TestList name="GeneralCase" id="89400720-fc90-4240-bc1c-cf5ae62415e9" parentListId="8c43106b-9dc1-4907-a29f-aa66a61bf5b6">
      <TestLinks>
        <TestLink id="0a19f14a-bbd2-2f71-5783-54e4bb1dc661" name="getCountryNameByWeatherCode_Null_Test" storage="c:\workspace\website\weatherhelper\weatherhelper.testprject\bin\debug\weatherhelper.testprject.dll" type="Microsoft.VisualStudio.TestTools.TestTypes.Unit.UnitTestElement, Microsoft.VisualStudio.QualityTools.Tips.UnitTest.ObjectModel, Version=10.0.0.0, Culture=neutral, PublicKeyToken=b03f5f7f11d50a3a" />
        <TestLink id="b9af1a55-4c26-31e2-45d7-278ae98e0450" name="ParserWeatherXMLInfo_OtherDays_Count_Pass_Test" storage="c:\workspace\website\weatherhelper\weatherhelper.testprject\bin\debug\weatherhelper.testprject.dll" type="Microsoft.VisualStudio.TestTools.TestTypes.Unit.UnitTestElement, Microsoft.VisualStudio.QualityTools.Tips.UnitTest.ObjectModel, Version=10.0.0.0, Culture=neutral, PublicKeyToken=b03f5f7f11d50a3a" />
        <TestLink id="e5e422e0-6584-3c94-405c-3ec75b8ab1c3" name="getWCCountryNameByWCCode_Null_Test" storage="c:\workspace\website\weatherhelper\weatherhelper.testprject\bin\debug\weatherhelper.testprject.dll" type="Microsoft.VisualStudio.TestTools.TestTypes.Unit.UnitTestElement, Microsoft.VisualStudio.QualityTools.Tips.UnitTest.ObjectModel, Version=10.0.0.0, Culture=neutral, PublicKeyToken=b03f5f7f11d50a3a" />
        <TestLink id="84970620-7da8-1ed9-8846-45414113d88f" name="ParserWeatherXMLInfo_Error_XML_Data_Test" storage="c:\workspace\website\weatherhelper\weatherhelper.testprject\bin\debug\weatherhelper.testprject.dll" type="Microsoft.VisualStudio.TestTools.TestTypes.Unit.UnitTestElement, Microsoft.VisualStudio.QualityTools.Tips.UnitTest.ObjectModel, Version=10.0.0.0, Culture=neutral, PublicKeyToken=b03f5f7f11d50a3a" />
        <TestLink id="c17c8355-9adb-19ba-b527-842327200626" name="getCountryNameByWeatherCode_Test" storage="c:\workspace\website\weatherhelper\weatherhelper.testprject\bin\debug\weatherhelper.testprject.dll" type="Microsoft.VisualStudio.TestTools.TestTypes.Unit.UnitTestElement, Microsoft.VisualStudio.QualityTools.Tips.UnitTest.ObjectModel, Version=10.0.0.0, Culture=neutral, PublicKeyToken=b03f5f7f11d50a3a" />
        <TestLink id="3ca63365-271d-59e8-9426-b345b3d33039" name="GetWeatherInfo_Null_Test" storage="c:\workspace\website\weatherhelper\weatherhelper.testprject\bin\debug\weatherhelper.testprject.dll" type="Microsoft.VisualStudio.TestTools.TestTypes.Unit.UnitTestElement, Microsoft.VisualStudio.QualityTools.Tips.UnitTest.ObjectModel, Version=10.0.0.0, Culture=neutral, PublicKeyToken=b03f5f7f11d50a3a" />
        <TestLink id="6eb6ff9b-fda7-e061-d9b2-cf7286db8068" name="DatabaseConfig_GetWeatherHelperDatabase_ConnectionString_Error_Test" storage="c:\workspace\website\weatherhelper\weatherhelper.testprject\bin\debug\weatherhelper.testprject.dll" type="Microsoft.VisualStudio.TestTools.TestTypes.Unit.UnitTestElement, Microsoft.VisualStudio.QualityTools.Tips.UnitTest.ObjectModel, Version=10.0.0.0, Culture=neutral, PublicKeyToken=b03f5f7f11d50a3a" />
        <TestLink id="c6117360-6ab8-16b7-30f6-28ec8b8c0558" name="ChangeSkyCodeToWeatherStatus_SkyCode_Pass_Test" storage="c:\workspace\website\weatherhelper\weatherhelper.testprject\bin\debug\weatherhelper.testprject.dll" type="Microsoft.VisualStudio.TestTools.TestTypes.Unit.UnitTestElement, Microsoft.VisualStudio.QualityTools.Tips.UnitTest.ObjectModel, Version=10.0.0.0, Culture=neutral, PublicKeyToken=b03f5f7f11d50a3a" />
        <TestLink id="f6dcf6a1-620e-b8a6-8f4c-a718f292578c" name="getWCCountryList_Test" storage="c:\workspace\website\weatherhelper\weatherhelper.testprject\bin\debug\weatherhelper.testprject.dll" type="Microsoft.VisualStudio.TestTools.TestTypes.Unit.UnitTestElement, Microsoft.VisualStudio.QualityTools.Tips.UnitTest.ObjectModel, Version=10.0.0.0, Culture=neutral, PublicKeyToken=b03f5f7f11d50a3a" />
        <TestLink id="45e51191-b7fa-dc67-43d4-ac3fede3f771" name="ParserWeatherXMLInfo_WCCode_Pass_Test" storage="c:\workspace\website\weatherhelper\weatherhelper.testprject\bin\debug\weatherhelper.testprject.dll" type="Microsoft.VisualStudio.TestTools.TestTypes.Unit.UnitTestElement, Microsoft.VisualStudio.QualityTools.Tips.UnitTest.ObjectModel, Version=10.0.0.0, Culture=neutral, PublicKeyToken=b03f5f7f11d50a3a" />
        <TestLink id="fb328827-ba60-fa75-8df2-efea2a8ed01c" name="ChangeSkyCodeToWeatherStatus_WhiteSpace_Test" storage="c:\workspace\website\weatherhelper\weatherhelper.testprject\bin\debug\weatherhelper.testprject.dll" type="Microsoft.VisualStudio.TestTools.TestTypes.Unit.UnitTestElement, Microsoft.VisualStudio.QualityTools.Tips.UnitTest.ObjectModel, Version=10.0.0.0, Culture=neutral, PublicKeyToken=b03f5f7f11d50a3a" />
        <TestLink id="5b47b8ce-9be5-d35c-213f-52d8b8249dd9" name="getCountryNameByWeatherCode_WhiteSpace_Test" storage="c:\workspace\website\weatherhelper\weatherhelper.testprject\bin\debug\weatherhelper.testprject.dll" type="Microsoft.VisualStudio.TestTools.TestTypes.Unit.UnitTestElement, Microsoft.VisualStudio.QualityTools.Tips.UnitTest.ObjectModel, Version=10.0.0.0, Culture=neutral, PublicKeyToken=b03f5f7f11d50a3a" />
        <TestLink id="76c2bad6-b177-6376-2a1b-46a7ae0ad7ae" name="getAreaNameByAreaCodeTest" storage="c:\workspace\website\weatherhelper\weatherhelper.testprject\bin\debug\weatherhelper.testprject.dll" type="Microsoft.VisualStudio.TestTools.TestTypes.Unit.UnitTestElement, Microsoft.VisualStudio.QualityTools.Tips.UnitTest.ObjectModel, Version=10.0.0.0, Culture=neutral, PublicKeyToken=b03f5f7f11d50a3a" />
        <TestLink id="0ad34625-025e-4e01-573e-e44a770e3db9" name="ChangeSkyCodeToWeatherStatus_Null_Test" storage="c:\workspace\website\weatherhelper\weatherhelper.testprject\bin\debug\weatherhelper.testprject.dll" type="Microsoft.VisualStudio.TestTools.TestTypes.Unit.UnitTestElement, Microsoft.VisualStudio.QualityTools.Tips.UnitTest.ObjectModel, Version=10.0.0.0, Culture=neutral, PublicKeyToken=b03f5f7f11d50a3a" />
        <TestLink id="2440cd36-5108-bdb5-c935-5ba8b9ad34f7" name="NewWeatherData_Null_Test" storage="c:\workspace\website\weatherhelper\weatherhelper.testprject\bin\debug\weatherhelper.testprject.dll" type="Microsoft.VisualStudio.TestTools.TestTypes.Unit.UnitTestElement, Microsoft.VisualStudio.QualityTools.Tips.UnitTest.ObjectModel, Version=10.0.0.0, Culture=neutral, PublicKeyToken=b03f5f7f11d50a3a" />
        <TestLink id="1a8d57ea-2980-caa0-71dc-a5366f65df95" name="getWCCountryList_Test" storage="c:\workspace\website\weatherhelper\weatherhelper.testprject\bin\debug\weatherhelper.testprject.dll" type="Microsoft.VisualStudio.TestTools.TestTypes.Unit.UnitTestElement, Microsoft.VisualStudio.QualityTools.Tips.UnitTest.ObjectModel, Version=10.0.0.0, Culture=neutral, PublicKeyToken=b03f5f7f11d50a3a" />
        <TestLink id="0a9115d0-4e6c-fee4-918c-74d07519d11a" name="getAreaNameByAreaCode_Null_Test" storage="c:\workspace\website\weatherhelper\weatherhelper.testprject\bin\debug\weatherhelper.testprject.dll" type="Microsoft.VisualStudio.TestTools.TestTypes.Unit.UnitTestElement, Microsoft.VisualStudio.QualityTools.Tips.UnitTest.ObjectModel, Version=10.0.0.0, Culture=neutral, PublicKeyToken=b03f5f7f11d50a3a" />
        <TestLink id="3845a7d6-723a-d7ac-2cd9-996f1c14fa0b" name="getWCCountryNameByWCCode_Test" storage="c:\workspace\website\weatherhelper\weatherhelper.testprject\bin\debug\weatherhelper.testprject.dll" type="Microsoft.VisualStudio.TestTools.TestTypes.Unit.UnitTestElement, Microsoft.VisualStudio.QualityTools.Tips.UnitTest.ObjectModel, Version=10.0.0.0, Culture=neutral, PublicKeyToken=b03f5f7f11d50a3a" />
        <TestLink id="adf5bfd1-77fe-a443-5b34-740deb67617d" name="ParserWeatherXMLInfo_Null_Test" storage="c:\workspace\website\weatherhelper\weatherhelper.testprject\bin\debug\weatherhelper.testprject.dll" type="Microsoft.VisualStudio.TestTools.TestTypes.Unit.UnitTestElement, Microsoft.VisualStudio.QualityTools.Tips.UnitTest.ObjectModel, Version=10.0.0.0, Culture=neutral, PublicKeyToken=b03f5f7f11d50a3a" />
        <TestLink id="fd74f42a-ecaa-0838-eee1-74ea70853972" name="getAreaNameByAreaCode_WhiteSpace_Test" storage="c:\workspace\website\weatherhelper\weatherhelper.testprject\bin\debug\weatherhelper.testprject.dll" type="Microsoft.VisualStudio.TestTools.TestTypes.Unit.UnitTestElement, Microsoft.VisualStudio.QualityTools.Tips.UnitTest.ObjectModel, Version=10.0.0.0, Culture=neutral, PublicKeyToken=b03f5f7f11d50a3a" />
      </TestLinks>
    </TestList>
    <TestList name="Lists of Results" id="8c43106b-9dc1-4907-a29f-aa66a61bf5b6" />
    <TestList name="All Loaded Results" id="19431567-8539-422a-85d7-44ee4e166bda" />
  </TestLists>
  <TestEntries>
    <TestEntry testId="adf5bfd1-77fe-a443-5b34-740deb67617d" executionId="50ca7b3a-3247-4453-a667-ef39f726ae40" testListId="89400720-fc90-4240-bc1c-cf5ae62415e9" />
    <TestEntry testId="0ad34625-025e-4e01-573e-e44a770e3db9" executionId="13d1790c-c4c9-4523-86fd-75883990efc1" testListId="89400720-fc90-4240-bc1c-cf5ae62415e9" />
    <TestEntry testId="0a19f14a-bbd2-2f71-5783-54e4bb1dc661" executionId="d28f5daf-c681-478b-ba17-9c825aa473f3" testListId="89400720-fc90-4240-bc1c-cf5ae62415e9" />
    <TestEntry testId="76c2bad6-b177-6376-2a1b-46a7ae0ad7ae" executionId="4825d252-6c1d-4754-b75e-e7b27c7f1873" testListId="89400720-fc90-4240-bc1c-cf5ae62415e9" />
    <TestEntry testId="c17c8355-9adb-19ba-b527-842327200626" executionId="4aeb86fc-b322-4a4b-b665-76c93882cd04" testListId="89400720-fc90-4240-bc1c-cf5ae62415e9" />
    <TestEntry testId="fd74f42a-ecaa-0838-eee1-74ea70853972" executionId="dc797850-5f8d-4ca6-a9b3-c2a79933fa1a" testListId="89400720-fc90-4240-bc1c-cf5ae62415e9" />
    <TestEntry testId="e5e422e0-6584-3c94-405c-3ec75b8ab1c3" executionId="5f465529-1fdd-4664-8e51-4af1e7b4bd9a" testListId="89400720-fc90-4240-bc1c-cf5ae62415e9" />
    <TestEntry testId="c6117360-6ab8-16b7-30f6-28ec8b8c0558" executionId="c456ce8f-f575-4bac-bcc2-69e924a990b6" testListId="89400720-fc90-4240-bc1c-cf5ae62415e9" />
    <TestEntry testId="3845a7d6-723a-d7ac-2cd9-996f1c14fa0b" executionId="b386b7b0-347e-45dd-9206-1333271f0b97" testListId="89400720-fc90-4240-bc1c-cf5ae62415e9" />
    <TestEntry testId="1a8d57ea-2980-caa0-71dc-a5366f65df95" executionId="2a52b661-6447-4d01-87b5-84bb326c0a92" testListId="89400720-fc90-4240-bc1c-cf5ae62415e9" />
    <TestEntry testId="2440cd36-5108-bdb5-c935-5ba8b9ad34f7" executionId="18eb1e35-3605-46ff-b981-fe19fe185f90" testListId="89400720-fc90-4240-bc1c-cf5ae62415e9" />
    <TestEntry testId="fb328827-ba60-fa75-8df2-efea2a8ed01c" executionId="ad950cb4-7a22-44e4-99cd-576ca726dcc4" testListId="89400720-fc90-4240-bc1c-cf5ae62415e9" />
    <TestEntry testId="b9af1a55-4c26-31e2-45d7-278ae98e0450" executionId="1bef413e-cfb8-4f5b-8dc2-9eed6aed6b17" testListId="89400720-fc90-4240-bc1c-cf5ae62415e9" />
    <TestEntry testId="5b47b8ce-9be5-d35c-213f-52d8b8249dd9" executionId="8e2e7736-6d81-4213-aa73-27ac03dbdc30" testListId="89400720-fc90-4240-bc1c-cf5ae62415e9" />
    <TestEntry testId="f6dcf6a1-620e-b8a6-8f4c-a718f292578c" executionId="c439ce01-e6e9-4c0b-b972-b45c4c47b4c2" testListId="89400720-fc90-4240-bc1c-cf5ae62415e9" />
    <TestEntry testId="0a9115d0-4e6c-fee4-918c-74d07519d11a" executionId="73c2cd14-bc01-4ce1-96c5-669d2302568b" testListId="89400720-fc90-4240-bc1c-cf5ae62415e9" />
    <TestEntry testId="84970620-7da8-1ed9-8846-45414113d88f" executionId="fd18b517-7eca-4cf1-8050-b43b11450829" testListId="89400720-fc90-4240-bc1c-cf5ae62415e9" />
    <TestEntry testId="6eb6ff9b-fda7-e061-d9b2-cf7286db8068" executionId="18258201-44c8-4fce-a282-1b88f6839cc3" testListId="89400720-fc90-4240-bc1c-cf5ae62415e9" />
    <TestEntry testId="45e51191-b7fa-dc67-43d4-ac3fede3f771" executionId="864d4521-4eb2-4dec-b8e6-e37ba19e9ae6" testListId="89400720-fc90-4240-bc1c-cf5ae62415e9" />
    <TestEntry testId="3ca63365-271d-59e8-9426-b345b3d33039" executionId="27d019f6-0ef1-4485-a159-e6e493102327" testListId="89400720-fc90-4240-bc1c-cf5ae62415e9" />
  </TestEntries>
  <Results>
    <UnitTestResult executionId="50ca7b3a-3247-4453-a667-ef39f726ae40" testId="adf5bfd1-77fe-a443-5b34-740deb67617d" testName="ParserWeatherXMLInfo_Null_Test" computerName="TOSHIBA" duration="00:00:00.0360994" startTime="2013-06-21T08:54:32.5318311+08:00" endTime="2013-06-21T08:54:33.0321640+08:00" testType="13cdc9d9-ddb5-4fa4-a97d-d965ccfc6d4b" outcome="Passed" testListId="89400720-fc90-4240-bc1c-cf5ae62415e9" relativeResultsDirectory="50ca7b3a-3247-4453-a667-ef39f726ae40">
    </UnitTestResult>
    <UnitTestResult executionId="13d1790c-c4c9-4523-86fd-75883990efc1" testId="0ad34625-025e-4e01-573e-e44a770e3db9" testName="ChangeSkyCodeToWeatherStatus_Null_Test" computerName="TOSHIBA" duration="00:00:00.0025682" startTime="2013-06-21T08:54:33.0351663+08:00" endTime="2013-06-21T08:54:33.0401693+08:00" testType="13cdc9d9-ddb5-4fa4-a97d-d965ccfc6d4b" outcome="Passed" testListId="89400720-fc90-4240-bc1c-cf5ae62415e9" relativeResultsDirectory="13d1790c-c4c9-4523-86fd-75883990efc1">
    </UnitTestResult>
    <UnitTestResult executionId="d28f5daf-c681-478b-ba17-9c825aa473f3" testId="0a19f14a-bbd2-2f71-5783-54e4bb1dc661" testName="getCountryNameByWeatherCode_Null_Test" computerName="TOSHIBA" duration="00:00:00.0118190" startTime="2013-06-21T08:54:33.0421713+08:00" endTime="2013-06-21T08:54:33.0581813+08:00" testType="13cdc9d9-ddb5-4fa4-a97d-d965ccfc6d4b" outcome="Passed" testListId="89400720-fc90-4240-bc1c-cf5ae62415e9" relativeResultsDirectory="d28f5daf-c681-478b-ba17-9c825aa473f3">
    </UnitTestResult>
    <UnitTestResult executionId="4825d252-6c1d-4754-b75e-e7b27c7f1873" testId="76c2bad6-b177-6376-2a1b-46a7ae0ad7ae" testName="getAreaNameByAreaCodeTest" computerName="TOSHIBA" duration="00:00:00.0011205" startTime="2013-06-21T08:54:33.0601833+08:00" endTime="2013-06-21T08:54:33.0641854+08:00" testType="13cdc9d9-ddb5-4fa4-a97d-d965ccfc6d4b" outcome="Passed" testListId="89400720-fc90-4240-bc1c-cf5ae62415e9" relativeResultsDirectory="4825d252-6c1d-4754-b75e-e7b27c7f1873">
    </UnitTestResult>
    <UnitTestResult executionId="4aeb86fc-b322-4a4b-b665-76c93882cd04" testId="c17c8355-9adb-19ba-b527-842327200626" testName="getCountryNameByWeatherCode_Test" computerName="TOSHIBA" duration="00:00:00.0017990" startTime="2013-06-21T08:54:33.0651863+08:00" endTime="2013-06-21T08:54:33.0701894+08:00" testType="13cdc9d9-ddb5-4fa4-a97d-d965ccfc6d4b" outcome="Passed" testListId="89400720-fc90-4240-bc1c-cf5ae62415e9" relativeResultsDirectory="4aeb86fc-b322-4a4b-b665-76c93882cd04">
    </UnitTestResult>
    <UnitTestResult executionId="dc797850-5f8d-4ca6-a9b3-c2a79933fa1a" testId="fd74f42a-ecaa-0838-eee1-74ea70853972" testName="getAreaNameByAreaCode_WhiteSpace_Test" computerName="TOSHIBA" duration="00:00:00.0014326" startTime="2013-06-21T08:54:33.0721907+08:00" endTime="2013-06-21T08:54:33.0761940+08:00" testType="13cdc9d9-ddb5-4fa4-a97d-d965ccfc6d4b" outcome="Passed" testListId="89400720-fc90-4240-bc1c-cf5ae62415e9" relativeResultsDirectory="dc797850-5f8d-4ca6-a9b3-c2a79933fa1a">
    </UnitTestResult>
    <UnitTestResult executionId="5f465529-1fdd-4664-8e51-4af1e7b4bd9a" testId="e5e422e0-6584-3c94-405c-3ec75b8ab1c3" testName="getWCCountryNameByWCCode_Null_Test" computerName="TOSHIBA" duration="00:00:00.0012967" startTime="2013-06-21T08:54:33.0771943+08:00" endTime="2013-06-21T08:54:33.0811970+08:00" testType="13cdc9d9-ddb5-4fa4-a97d-d965ccfc6d4b" outcome="Passed" testListId="89400720-fc90-4240-bc1c-cf5ae62415e9" relativeResultsDirectory="5f465529-1fdd-4664-8e51-4af1e7b4bd9a">
    </UnitTestResult>
    <UnitTestResult executionId="c456ce8f-f575-4bac-bcc2-69e924a990b6" testId="c6117360-6ab8-16b7-30f6-28ec8b8c0558" testName="ChangeSkyCodeToWeatherStatus_SkyCode_Pass_Test" computerName="TOSHIBA" duration="00:00:00.0011289" startTime="2013-06-21T08:54:33.0821980+08:00" endTime="2013-06-21T08:54:33.0862000+08:00" testType="13cdc9d9-ddb5-4fa4-a97d-d965ccfc6d4b" outcome="Passed" testListId="89400720-fc90-4240-bc1c-cf5ae62415e9" relativeResultsDirectory="c456ce8f-f575-4bac-bcc2-69e924a990b6">
    </UnitTestResult>
    <UnitTestResult executionId="b386b7b0-347e-45dd-9206-1333271f0b97" testId="3845a7d6-723a-d7ac-2cd9-996f1c14fa0b" testName="getWCCountryNameByWCCode_Test" computerName="TOSHIBA" duration="00:00:00.0017930" startTime="2013-06-21T08:54:33.0882014+08:00" endTime="2013-06-21T08:54:33.0922040+08:00" testType="13cdc9d9-ddb5-4fa4-a97d-d965ccfc6d4b" outcome="Passed" testListId="89400720-fc90-4240-bc1c-cf5ae62415e9" relativeResultsDirectory="b386b7b0-347e-45dd-9206-1333271f0b97">
    </UnitTestResult>
    <UnitTestResult executionId="2a52b661-6447-4d01-87b5-84bb326c0a92" testId="1a8d57ea-2980-caa0-71dc-a5366f65df95" testName="getWCCountryList_Test" computerName="TOSHIBA" duration="00:00:00.0032365" startTime="2013-06-21T08:54:33.0942054+08:00" endTime="2013-06-21T08:54:33.1002094+08:00" testType="13cdc9d9-ddb5-4fa4-a97d-d965ccfc6d4b" outcome="Passed" testListId="89400720-fc90-4240-bc1c-cf5ae62415e9" relativeResultsDirectory="2a52b661-6447-4d01-87b5-84bb326c0a92">
    </UnitTestResult>
    <UnitTestResult executionId="18eb1e35-3605-46ff-b981-fe19fe185f90" testId="2440cd36-5108-bdb5-c935-5ba8b9ad34f7" testName="NewWeatherData_Null_Test" computerName="TOSHIBA" duration="00:00:00.4033977" startTime="2013-06-21T08:54:33.1022107+08:00" endTime="2013-06-21T08:54:33.5084822+08:00" testType="13cdc9d9-ddb5-4fa4-a97d-d965ccfc6d4b" outcome="Passed" testListId="89400720-fc90-4240-bc1c-cf5ae62415e9" relativeResultsDirectory="18eb1e35-3605-46ff-b981-fe19fe185f90">
    </UnitTestResult>
    <UnitTestResult executionId="ad950cb4-7a22-44e4-99cd-576ca726dcc4" testId="fb328827-ba60-fa75-8df2-efea2a8ed01c" testName="ChangeSkyCodeToWeatherStatus_WhiteSpace_Test" computerName="TOSHIBA" duration="00:00:00.0008687" startTime="2013-06-21T08:54:33.5094825+08:00" endTime="2013-06-21T08:54:33.5134846+08:00" testType="13cdc9d9-ddb5-4fa4-a97d-d965ccfc6d4b" outcome="Passed" testListId="89400720-fc90-4240-bc1c-cf5ae62415e9" relativeResultsDirectory="ad950cb4-7a22-44e4-99cd-576ca726dcc4">
    </UnitTestResult>
    <UnitTestResult executionId="1bef413e-cfb8-4f5b-8dc2-9eed6aed6b17" testId="b9af1a55-4c26-31e2-45d7-278ae98e0450" testName="ParserWeatherXMLInfo_OtherDays_Count_Pass_Test" computerName="TOSHIBA" duration="00:00:00.4536339" startTime="2013-06-21T08:54:33.5144874+08:00" endTime="2013-06-21T08:54:33.9707910+08:00" testType="13cdc9d9-ddb5-4fa4-a97d-d965ccfc6d4b" outcome="Passed" testListId="89400720-fc90-4240-bc1c-cf5ae62415e9" relativeResultsDirectory="1bef413e-cfb8-4f5b-8dc2-9eed6aed6b17">
    </UnitTestResult>
    <UnitTestResult executionId="8e2e7736-6d81-4213-aa73-27ac03dbdc30" testId="5b47b8ce-9be5-d35c-213f-52d8b8249dd9" testName="getCountryNameByWeatherCode_WhiteSpace_Test" computerName="TOSHIBA" duration="00:00:00.0010383" startTime="2013-06-21T08:54:33.9717974+08:00" endTime="2013-06-21T08:54:33.9757934+08:00" testType="13cdc9d9-ddb5-4fa4-a97d-d965ccfc6d4b" outcome="Passed" testListId="89400720-fc90-4240-bc1c-cf5ae62415e9" relativeResultsDirectory="8e2e7736-6d81-4213-aa73-27ac03dbdc30">
    </UnitTestResult>
    <UnitTestResult executionId="c439ce01-e6e9-4c0b-b972-b45c4c47b4c2" testId="f6dcf6a1-620e-b8a6-8f4c-a718f292578c" testName="getWCCountryList_Test" computerName="TOSHIBA" duration="00:00:00.0306774" startTime="2013-06-21T08:54:33.9767962+08:00" endTime="2013-06-21T08:54:34.0108164+08:00" testType="13cdc9d9-ddb5-4fa4-a97d-d965ccfc6d4b" outcome="Passed" testListId="89400720-fc90-4240-bc1c-cf5ae62415e9" relativeResultsDirectory="c439ce01-e6e9-4c0b-b972-b45c4c47b4c2">
    </UnitTestResult>
    <UnitTestResult executionId="73c2cd14-bc01-4ce1-96c5-669d2302568b" testId="0a9115d0-4e6c-fee4-918c-74d07519d11a" testName="getAreaNameByAreaCode_Null_Test" computerName="TOSHIBA" duration="00:00:00.0010885" startTime="2013-06-21T08:54:34.0118192+08:00" endTime="2013-06-21T08:54:34.0148203+08:00" testType="13cdc9d9-ddb5-4fa4-a97d-d965ccfc6d4b" outcome="Passed" testListId="89400720-fc90-4240-bc1c-cf5ae62415e9" relativeResultsDirectory="73c2cd14-bc01-4ce1-96c5-669d2302568b">
    </UnitTestResult>
    <UnitTestResult executionId="fd18b517-7eca-4cf1-8050-b43b11450829" testId="84970620-7da8-1ed9-8846-45414113d88f" testName="ParserWeatherXMLInfo_Error_XML_Data_Test" computerName="TOSHIBA" duration="00:00:00.2730339" startTime="2013-06-21T08:54:34.0158219+08:00" endTime="2013-06-21T08:54:34.2930058+08:00" testType="13cdc9d9-ddb5-4fa4-a97d-d965ccfc6d4b" outcome="Passed" testListId="89400720-fc90-4240-bc1c-cf5ae62415e9" relativeResultsDirectory="fd18b517-7eca-4cf1-8050-b43b11450829">
    </UnitTestResult>
    <UnitTestResult executionId="18258201-44c8-4fce-a282-1b88f6839cc3" testId="6eb6ff9b-fda7-e061-d9b2-cf7286db8068" testName="DatabaseConfig_GetWeatherHelperDatabase_ConnectionString_Error_Test" computerName="TOSHIBA" duration="00:00:00.0009683" startTime="2013-06-21T08:54:34.2980082+08:00" endTime="2013-06-21T08:54:34.3090158+08:00" testType="13cdc9d9-ddb5-4fa4-a97d-d965ccfc6d4b" outcome="Passed" testListId="89400720-fc90-4240-bc1c-cf5ae62415e9" relativeResultsDirectory="18258201-44c8-4fce-a282-1b88f6839cc3">
    </UnitTestResult>
    <UnitTestResult executionId="864d4521-4eb2-4dec-b8e6-e37ba19e9ae6" testId="45e51191-b7fa-dc67-43d4-ac3fede3f771" testName="ParserWeatherXMLInfo_WCCode_Pass_Test" computerName="TOSHIBA" duration="00:00:00.2145792" startTime="2013-06-21T08:54:34.3150204+08:00" endTime="2013-06-21T08:54:34.5361688+08:00" testType="13cdc9d9-ddb5-4fa4-a97d-d965ccfc6d4b" outcome="Passed" testListId="89400720-fc90-4240-bc1c-cf5ae62415e9" relativeResultsDirectory="864d4521-4eb2-4dec-b8e6-e37ba19e9ae6">
    </UnitTestResult>
    <UnitTestResult executionId="27d019f6-0ef1-4485-a159-e6e493102327" testId="3ca63365-271d-59e8-9426-b345b3d33039" testName="GetWeatherInfo_Null_Test" computerName="TOSHIBA" duration="00:00:00.0037919" startTime="2013-06-21T08:54:34.5391711+08:00" endTime="2013-06-21T08:54:34.5511857+08:00" testType="13cdc9d9-ddb5-4fa4-a97d-d965ccfc6d4b" outcome="Passed" testListId="89400720-fc90-4240-bc1c-cf5ae62415e9" relativeResultsDirectory="27d019f6-0ef1-4485-a159-e6e493102327">
    </UnitTestResult>
  </Results>
</TestRun>